#-----------------------------------------------------------
# Vivado v2022.1 (64-bit)
# SW Build 3526262 on Mon Apr 18 15:48:16 MDT 2022
# IP Build 3524634 on Mon Apr 18 20:55:01 MDT 2022
# Start of session at: Tue Apr 11 16:54:55 2023
# Process ID: 8932
# Current directory: C:/Users/holden.ca/Desktop/lab7
# Command line: vivado.exe -gui_launcher_event rodinguilauncherevent8500 C:\Users\holden.ca\Desktop\lab7\lab7.xpr
# Log file: C:/Users/holden.ca/Desktop/lab7/vivado.log
# Journal file: C:/Users/holden.ca/Desktop/lab7\vivado.jou
# Running On: WFXA4BB6DB8E837, OS: Windows, CPU Frequency: 2904 MHz, CPU Physical cores: 8, Host memory: 16881 MB
#-----------------------------------------------------------
start_gui
open_project C:/Users/holden.ca/Desktop/lab7/lab7.xpr
update_compile_order -fileset sources_1
reset_run synth_1
launch_runs impl_1 -to_step write_bitstream -jobs 8
wait_on_run impl_1
add_files -norecurse {C:/Users/holden.ca/Downloads/mapper-1.sv C:/Users/holden.ca/Downloads/alu_instrmem_top-1.sv C:/Users/holden.ca/Downloads/debounce-2.sv C:/Users/holden.ca/Downloads/adaptor_display-7.sv}
update_compile_order -fileset sources_1
update_compile_order -fileset sources_1
reset_run synth_1
launch_runs impl_1 -to_step write_bitstream -jobs 8
wait_on_run impl_1
open_hw_manager
